// Jest Snapshot v1, https://goo.gl/fbAQLP

exports[`<PrivateRoute /> Renders correctly 1`] = `null`;
